---
source: tui/src/bottom_pane/chat_composer/noir_scene_tests.rs
assertion_line: 530
expression: "gallery.join(\"\\n\")"
---
Coast 112x10 Working(0ns)
  C O A S T                                               ⣿⣿⣿⣿⣿⣿⣿⣿⣿⣿⣿⣿⣿⣿⣿⣿⣿⣿⣿⣿⣿⣿⣿⣿⣿⣿⣿⣿⣿⣿⣿⣿⣿⣿⣿⣿⣿⣿⣿⣿⣿⡇    ⠄
  photo by focal insight                                  ⣿⣿⣿⣿⣿⣿⣿⣿⣿⣿⣿⣿⣿⣿⣿⣿⣿⣿⣿⣿⣿⣿⣿⣿⣿⣿⣿⣿⣿⣿⣿⣿⣿⣿⣿⣿⣿⣿⡿⠟⠟⠇⠄⠅  ⠄⠆
                                                          ⣿⣿⣿⣿⣿⣿⣿⣿⣿⣿⣿⣿⣿⣿⣿⣿⣿⣿⣿⣿⣿⣿⣿⣿⣿⣿⣿⣿⣿⣿⣿⣿⣿⣿⣿⠟⠃⠁⠁⡅⡅⠁⠁⠁⠁     ⠁
                                                          ⣿⣿⣿⣿⣿⣿⣿⣿⣿⣿⣿⣿⣿⣿⣿⣿⣿⣿⣿⣿⣿⣿⣿⣿⣿⣿⣿⣿⣿⣿⡟⠟⠋⠋⠅⠅⠅⠅⠇⠁⠁⠇⠇⠅⠄⠆  ⠄
                                                          ⠟⠟⠟⠟⠟⠟⠟⠿⠿⡿⡿⡿⡿⡿⠟⠟⠟⠟⠟⠟⠿⡿⡿⡿⡿⡿⠟⠟⠏⠁⠁ ⠄⠅⠅⠇⠇⡅⠅⡅⠅⠇⠇⠃⠅⠅
                                                          ⠅⠁⠁⠁⠁⠁⠅⠅⠁⠁⠅⠅⠅⠅⠅⠅⠅⠅⠅⠇⠇⠇⠗⠇⠃   ⠁ ⠇⠇⠇⠅⠅⠅⠇⠅⠅⠅⠁⠁⠁⠁⠅⠁⠁ ⠁ ⠇⠇
                                                          ⠅⠅⠄⠄⠅  ⠅⠁⠅⡅⠅⡅⠅⠇⠇⠇⠁           ⠇⠁⠅⠁⠅⠁⠇⠇⠇⠅⠇⠇⠇⠃⠅⠇⠇⠇ ⠁⠅⠅⠅
                                                          ⠅⠁⠅⠅⠅⠅⡇⡇⡇⣇⣇⡇⡇⡇⠇⠃⠁       ⠄      ⠁                 ⠁ ⠁
                                                          ⡅⠅⠅⠁⠁⠁⠅⠅⠅⠇⠃⠃⠇⠇⠇⠄⠄⡄⡄⠄⠄⠁⠁⠁
                                                          ⠗⠗⡇⡅⡇⠇⠅⡇⠅⠄⡄⠄   ⡄⡅⠅⠅  ⡀                 ⠁⠁
Coast 112x10 Working(6s)
  C O A S T                                               ⣿⣿⣿⣿⣿⣿⣿⣿⣿⣿⣿⣿⣿⣿⣿⣿⣿⣿⣿⣿⣿⣿⣿⣿⣿⣿⣿⣿⣿⣿⣿⣿⣿⣿⣿⣿⣿⣿⣿⡇    ⠄      ⠅
  photo by focal insight                                  ⣿⣿⣿⣿⣿⣿⣿⣿⣿⣿⣿⣿⣿⣿⣿⣿⣿⣿⣿⣿⣿⣿⣿⣿⣿⣿⣿⣿⣿⣿⣿⣿⣿⣿⣿⣿⡿⠟⠟⠃⠄⠅  ⠄⠆    ⠃⠁
                                                          ⣿⣿⣿⣿⣿⣿⣿⣿⣿⣿⣿⣿⣿⣿⣿⣿⣿⣿⣿⣿⣿⣿⣿⣿⣿⣿⣿⣿⣿⣿⣿⣿⡿⠟⠃⠁⠁⡅⡅⠁⠁⠁⠁     ⠁ ⠁
                                                          ⣿⣿⣿⣿⣿⣿⣿⣿⣿⣿⣿⣿⣿⣿⣿⣿⣿⣿⣿⣿⣿⣿⣿⣿⣿⣿⣿⣿⡟⠟⠏⠋⠅⠅⠅⠅⠇⠁⠁⠇⠇⠅⠄⠄  ⠄
                                                          ⠟⠟⠟⠟⠟⠿⠿⡿⡿⡿⡿⡿⠟⠟⠟⠟⠟⠟⠿⡿⡿⡿⡿⡿⠟⠟⠏⠁⠁ ⠄⠅⠅⠇⠇⡅⠅⡅⠅⠇⠇⠃⠅⠅      ⠇⠄
                                                          ⠁⠁⠁⠁⠅⠅⠁⠅⠅⠅⠅⠅⠅⠅⠅⠅⠅⠇⠇⠇⠗⠇⠃   ⠁ ⠇⠇⠇⠅⠅⠅⠇⠅⠅⠅⠁⠁⠁⠁⠅⠁⠁ ⠁ ⠇⠇⠁⠁
                                                          ⠄⠄⠅  ⠅⠁⠅⡅⠅⡅⠅⠇⠇⠇⠁           ⠇⠁⠅⠁⠅⠁⠇⠇⠇⠅⠇⠇⠇⠃⠅⠇⠃⠇ ⠁⠅⠅⠅⠇⠁
                                                          ⠅⠅⠅⠅⡇⡇⡇⣇⣇⡇⡇⡇⠇⠁⠁       ⠄      ⠁                 ⠁ ⠁⠁⠁
                                                          ⠅⠁⠁⠁⠅⠅⠅⠇⠃⠃⠇⠇⠇⠄⠄⡄⡄⠄⠄⠁⠁⠁
                                                          ⡇⡅⡇⠇⠇⡇⠅⠄⡄⠄   ⡄⡅⠅⠅  ⡀                 ⠁⠁
Coast 80x8 Idle
  C O A S T                         ⣿⣿⣿⣿⣿⣿⣿⣿⣿⣿⣿⣿⣿⣿⣿⣿⣿⣿⣿⣿⣿⣿⣿⣿⣿⣿⣿⣿⣿⣿⣿⣿⣿⡇  ⠁⠁
  photo by focal insight            ⣿⣿⣿⣿⣿⣿⣿⣿⣿⣿⣿⣿⣿⣿⣿⣿⣿⣿⣿⣿⣿⣿⣿⣿⣿⣿⣿⣿⣿⡟⠟⠟⠃⠁⠁⠁⠁⠁⠁
                                    ⣿⣿⣿⣿⣿⣿⣿⣿⣿⣿⣿⣿⣿⣿⣿⣿⣿⣿⣿⣿⣿⣿⣿⣿⣿⡟⠟⠟⠅⠅⠅⠇⠃⠇⠄⡄⠄
                                    ⠿⠿⠿⠿⠿⠿⠿⠿⡿⡿⡿⡿⡿⡿⡿⠿⠿⠿⠿⡿⡿⠿⠟⠏⠃⠁⠅⠇⠅⠅⠁⠄ ⠅⠇⠅⠇⠅⠁⠁
                                    ⠅⠁⠁⠁⠁⠅⠅⠁⠁⠅⠇⠇⠇⠇⠇⠇⠃⠇⠃⠁   ⠁⡇⠇⠇⠇⠇⠇⠅⠁⠁⠁⠅⠁⠅⠅⠄⠁⠄⠅
                                    ⠅⠇⠅⠅⠅⠅⠅⠅⠅⠅⠇⡇⠇⠇         ⠁⠁⠇⠁⠁⠁⠁⠁⠁⠁⠁⠁⠁⠁⠁⠁⠁⠁⠃
                                    ⠁⠁⠇⠁⠁⠁⠃⠗⠗⠗⠗⡇⠁      ⠁⠁
                                    ⠗⠗⡇⡇⠇⠇⡇⠁⡄⠄⡁ ⡁⡅⠅⠁⠁
Flight 112x10 Working(1.5s)
  F L I G H T                                             ⣇⣅⣅⣅⡀     ⠁⠅⠅⠁⠅⠁⠁⠁⠁    ⠁⠁⠅⠟⠟⠗⡗⣗⡗⡆⡄⠄ ⠄⠁⡅⠁⠅⠁⠁⠁⠁⠁
  madhavanprasanna.com                                    ⠇⠇⠁⠉⠋⠛⠓⠓⠃⠁⠁⠁⠁⠁⠁⠅⠁⠁      ⠁⠁⠁⡀⠁⠁⠁⠇⠇⠅⠅⠁⠁⠅⠇⠁⡁⠁⠁⠁⠁⠁
                                                          ⠅⠅⣅⠇    ⠄⡄⠁⡁⠁⠁⠁⠁⠁⠁        ⠁⠁⠅⠅⠅⠅⠅⠁⠁⠁⠁⠁⡅⠅⡅⠁⠁⠁⠁⠁
                                                          ⠅⠇⠗⡗⡆⡄⠄⠁⠁⠁⠁⠁⠁⠁ ⡅⡅⠇⠅        ⡗⡗⣗⣷⣗⠃⠁  ⠄⠗⠿⡗⠗⡷⣷⣧⣅⣅⡅ ⠁⠁ ⠁
                                                          ⡇⡇⡇⠇⠁⠁⠁⠁      ⠓⡗⡗⡇⡇⠇⣷⣇⡇⣗⣇⡄ ⠓⡗⠇⠟⠟⣷⡄  ⠁⠁⠁⠁⠁⠗⠗⠗⠗⠗⠗⡗⡇⡇⡅⡅
                                                          ⡇⠇⡅⠅⠅⡗⡇⠅⠁⠁⢄⣤⣄⣄⡅⡗⣗⡗⡗⡇⠅⢿⣿⣷⣅⡁⡀ ⠁⡇⠇⠃⠁⠁⠁  ⠄⡆⡅⠅⠁⢅⣅⣅⡅⡅⡅⡅⡇⡗⡗
                                                          ⡅⡇⡅⠁⠅⠇⠅⠅⠅⡅⡇⣏⣏⡏⡅⡅⡇⡇⡇⡗⡇⡇⣿⣿⣿⣿⡅⡄⡅⡅⠇⠇⠇⠁⠁   ⠁⡅⣅⣗⣟⡟⡟⡇⡇⡇⡇⡇⡇⡇
                                                          ⡗⣗⣷⣇⡇⠅⠇⡅⠇⠗⡗⡗⣗⡇⡗⠗⠇⠇⠇⠇⠇⠇⠇⠟⠟⡟⠇⠇⠇⠁⠁⠁⠁⠁ ⠄⠄⠅⠇⠇⡇⠇⠇⠇⠇⠇⠇⠇⠇⠇⠇⠇
                                                          ⠇⠗⡏⡏⠇⠇⠅⠅⠅⠅⠇⡇⡇⠇⠇⡇⠇⠇⠇⠇⠇⠅⠇⠁⠁⠁⠁⠁⠅⡅⡅⡇⡇⡅⡅⠅⠇⡇⡇⡇⡇⡅⠇⠅⠅⠅⠅⠅⠅⠅⠇⠇
                                                          ⠗⠗⡗⡗⡇⡇⠇⠇⠇⠇⠇⠇⡇⡇⠇⠇⠇⠇⠇⠇⠁⠃⠁⠁⠁⠁⠇⠇⠇⠇⠇⠇⠇⠇⠇⠇⠇⠇⠇⠇⠇⠇⡇⠇⠇⠇⠇⠅⠅⠅⠇⠅
Transit 80x8 Working(0ns)
  T R A N S I T                     ⡏⡏⡏⠏⠍⠍⠍⠍⡍⡍⡍⠍⠍⠍⠍⠍⠅⠅⠅⠅⠅⠅⠅⠍⠍⠍⠍⠍⠍⠍⠅⠅⠅⠍⠍⠍⠍⠍⡏⡏⡏⡏
  photo by mario calvo                    ⡀⣀⣀⣀⣀⣀⣀⣀⣀⣀⣀⣀⣀⣀⣀⣀⣀⣀⣀⡀⡀
                                    ⠅⠁⠁⠁⠅⠅⠇⡟⣟⣟⣟⣟⣟⣟⣟⣟⣟⣟⣟⣟⣏⣏⣏⣟⣇⡇⡇⠅⠁⠁   ⠁⠁⠁⠁⠁⠅⠇⠇⡇
                                    ⠅⠁⠁⠁⠁⠁⠁⠇⠟⠟⠟⠟⠟⠟⠏⡏⠉⠉⠉⠟⠟⡟⠟⠗⡇⠇⠇⠁⠁     ⠁⠁⠁⠁⠁⠅⠅⠇
                                    ⠅⠅  ⠁⠅⠅⠇⡇⡇⠇⠇⠅⠅⠅⠇   ⠁⠇⡇⡇⣗⡗⡗⡇⠇⠅    ⠁⠁⠁⠁⠁⠅⠅⠅⠇
                                    ⡇⠅⠅⠅⠅⠇⡇⣗⣟⣗⣗⣗⣗⣇⣗⣗⣇⡇⡇⣗⣗⣗⣗⣗⣇⣇⡇⡇⠅     ⠁⠁⠁⠁⠅⠇⡇⣇
                                    ⡇⡇⠇⠇⡇⡇⣗⣗⣗⣟⣿⣿⣿⣟⣟⣟⣟⣟⣟⣟⣿⣿⣿⣿⣿⣗⡗⡇⡇⠅⠅⠅⠅⠅⠅⠅⠅⠅⠅⡇⡗⣗
                                    ⠗⠗⠗⠗⠗⠗⠗⠟⠟⠟⠟⠟⠟⠟⠟⠗⠗⠗⠟⠗⠟⠟⠟⠟⠟⠗⠗⠗⠗⠃⠃⠁⠃⠃⠃⠃⠃⠓⠓⠗⠗⠗
Moire 112x10 Working(0ns)
  M O I R E                                               ⣟⣟⡗   ⣟⣿⡇⠁⡁⡟⡇⡇⡅⡇⡗⠇⡇⡗⡗⡇⡇⠁⠇⢟⡟⡇⠇ ⡇⣗⡗⠟⠇⣇⣅⡗⡗⠃⡅⣇⡗⠇⠇⠁⡇⣇⡇⡇⡇⠟
  interference field                                      ⡏⠁⡗⣗⣗⡇⠁⠁⡗⣧⣗⡗⡇⡇⠁⠇⠇⡇⡇⡇⡗⡗⡗⡇⡇⡇⡇⡇⣗⡟⡟⡇⠁ ⠅⣿⣿⡇⣇⣅⡷⠇⠇⡄⣅⡟⡗⠇⠓⡗⣇⡅
                                                          ⠇⣀⡇⠟⠓⡇⣇⣅⡷⡟⡇⠁⡇⡗⣗⡇⡇⠁⡇⡇⡇⠇⠇⣷⡷⡗⠇⡇⡗⠇⠃⠁⣗⣗⡇⠁⠁⠅⣿⣿⡇⠅⡄⣗⡟⠗⠃⣅⡀⠇⠟⣗
                                                          ⡗⣗⡇⡇ ⠇⣟⡿⠇⠇⡅⣇⡇⡇⠗⠗⡗⣇⡇⡇⠅⡇⡇⡇⠇⠇⡇⡇⠇⢇⣇⣄⡟⠟⠗⣇⣥⣗⡇⠁⠁⣷⣗⡇⠅ ⠇⣟⣗⡇⡇⠛
                                                          ⡗⠁⠁⡗⣟⣗⡇⠁⠁⣅⣇⡟⣇⣇⣇⠅⠇⠟⡇⡇⡇⠗⡟⣗⡇⡇⡇⠇⡆⣗⡟⣟⡇  ⠟⡿⡗⠇⣅⣗⡗⠃⠁⡅⣗⡇⡇⠅⠟⣗⡇
                                                          ⠇⣅⣄⡅⠏⠋⠃⣇⣇⡗⡇⡇⡇⡇⡇⠇⡇⡇⡇⠇⠇⣅⡇⡇⠗⡗⡇⣗⣗⡗⡇⠁⠁⡗⣗⡇⡇⠁⠇⣟⡗⠇⠃⣄⡗⡟⠇⡇⣇⡅⠃⠃
                                                          ⠁⢟⣟⡗⠇⡀⡀⡟⡟⡗⡇⡗⡗⠇⡅⡅⡗⡟⡇⠅⡇⣿⡇⡇⡅⠇⣗⡿⠇⠇⠅⣅⡄⡇⠟⠗⡗⣷⡇⡇⡇⠇⡇⣗⠇⠇⠅⠇⡇⢇⣇⣅
                                                          ⣗⡇⠁ ⢕⣟⣗⡇⠁⠃⡇⡇⠇⣇⣇⣗⠇⠃⠁⡗⡗⡇⠅⡇⣿⡇⡇⠅⠅⡄⣇⣟⣗⣇⡇⠁⠇⠟⠗⡇⣇⡗⡟⡇⠅⡇⣗⡇⡄⠅⣿⣿
                                                          ⠟⠃⣅⡖⡗⠃⠃⣅⣇⣇⡇⡇⡇⠇⡇⠇⡇⣇⡇⠇⠇⠇⡇⡗⡟⡇⡅⣅⣗⣗⡇⠁⠁⠇⣗⣗⡇⠇⠁⠇⡟⠗⠇⣅⡅⡇⠟⠗⣗⡇⠅⠁
                                                          ⣅⣇⡟⠇⠇⠄⣄⣗⡟⠇⠁⡗⣗⡇⡅⠄⠟⡟⣗⡇⡇⠇⠇⠇⡗⣇⣇⡇⠇⠃⢇⣆⣄⡇⠏⠇⣗⣷⣷⠇⠁⠁⣗⣟⡗⠇ ⠁⠗⡗⣇⡅
Moire 112x10 Working(2.2s)
  M O I R E                                               ⣿⣿⠁⠁⠁⣟⣟⡇⠁ ⠁⡗⡗⣇⡅⡗⠟⠇⡇⣗⡇⡇⠁⠄⠟⣿⡇⡇⠁⠅⣿⣷⡗⠇⡃⣇⡇⡗⠇⡅⡅⡗⡏⡟⢗⣇⡇⡅⡇⡇⡗⡟
  interference field                                      ⠟⠃⣷⣷⣗⠁⠁⠁⣗⣗⡇⠇⠇⡟⡇⠇⠇⣇⡇⠟⠇⡗⣇⡅⡄⠁⡏⣗⣗⡟⡇⠇⠁⠅⡇⣟⡇⡇⠁⡇⡗⠇⡅⡅⣟⡟⡟⠇⡇⡗⡇⡁
                                                          ⠁⣁⡟⠟⠗⣇⣄⣆⠟⠏⠗⡇⡇⡇⠇⡇⣗⡇⡇⠇⠇⠇⠟⠇⡗⣄⡅⡗⠟⠇⠃⡇⣗⡗⡇⠁⠁⡇⣟⡇⡇⠅⣇⣗⡗⠃⠃⡅⡇⠇⢇⣇
                                                          ⣿⣿⡇⠁⠁⠙⡟⡟⡇⡀⡄⠗⡗⡇⣗⡗⡗⠇⡅⣗⣇⡇⡇⠁⠇⣿⣗⡇⠅⠁⣗⡗⡟⠗⡇⡇⡅⡅⡇⠁⡇⡗⡇⡇⠇⣇⡇⡗⠇⡇⡇⠟
                                                          ⡏⠃⠁⣷⣟⣗⡅ ⠁⣗⣇⡇⡇⣇⡟⡇⠇⠅⣅⡗⠟⠃⡗⣗⡇⡇⠁⠁⣷⣷⣟⠇⠇⠇⠇⠇⠗⣇⡇⡇⡗⡗⣇⡅⡅⠟⡏⡗⣗⡗⡗⠇
                                                          ⣇⣅⣅⡇⠟⠃⠗⣇⣇⡁⠇⣗⣷⡇⡇⠁⠇⣿⣗⡇⠄⣀⡗⠟⠗⠇⣥⣅⡟⠟⡇⠅⡇⡇⡇⡇⡇⡇⡇⡇⠇⠇⠟⣗⡷⣇⡅⡇⠟⠇⠃⠅
                                                          ⠁⣿⣿⣇⡅⡀⠅⠟⡟⣇⡇⡅⠋⠇⣅⣇⡟⡇⠃⠅⣟⣟⡇⠅ ⠁⡿⡿⡇⡅⡅⣕⡗⡇⠗⡗⡗⡇⡅⡇⡗⡇⡇⠁⠇⠗⡇⡇⠇⠁⣇⡗
                                                          ⣇⠇⠁⠁⣟⣟⡇⠁⠁⠝⡇⡇⣅⣇⣗⡟⠇⠃⣅⡗⡗⠃⠅⣗⣟⡇⠅⠁⡅⣷⣇⡗⡇⡇⡇⠇⠇⠗⡇⡗⡇⡗⡗⡇⡇⡇⠅⡇⡇⡗⡟⡗
                                                          ⠇⠇⣇⡗⠋⠃⠁⣇⣇⡇⠇⡇⠗⡇⡇⣅⣇⣇⡗⠇⠇⡄⡇⡗⠃⡇⣇⡗⡷⡇⠇⠁⠇⣗⣗⡇⠇⠁⠇⣗⣗⡇⣇⡇⡗⡗⠗⡗⣗⠁⠁⠁
                                                          ⣇⣟⡟⠇⠅⣄⣗⡟⠏⠁⡇⣗⡇⡅⡅⠟⡟⣟⡇⡆⡇⠇⠇⠇⣇⣇⡟⠇⠇⢇⣷⣷⡇⠏⠇⢗⣇⣇⡅⠁⠁⣇⣿⣗⡇⠁⠁⠇⡟⣇⣇⡅
Moire 44x6 Idle
           ⣟⣟⡗   ⣟⣿⡇⠁⡁⡟⡇⡇⡅⡇⡗⠇⡇⡗⡗⡇⡇⠁⠇⢟⡟⡇⠇ ⡇
           ⡏⠁⡗⣗⣗⡇⠁⠁⡗⣧⣗⡗⡇⡇⠁⠇⠇⡇⡇⡇⡗⡗⡗⡇⡇⡇⡇⡇⣗⡟⡟
           ⠇⣀⡇⠟⠓⡇⣇⣅⡷⡟⡇⠁⡇⡗⣗⡇⡇⠁⡇⡇⡇⠇⠇⣷⡷⡗⠇⡇⡗⠇⠃
           ⡗⣗⡇⡇ ⠇⣟⡿⠇⠇⡅⣇⡇⡇⠗⠗⡗⣇⡇⡇⠅⡇⡇⡇⠇⠇⡇⡇⠇⢇⣇
           ⡗⠁⠁⡗⣟⣗⡇⠁⠁⣅⣇⡟⣇⣇⣇⠅⠇⠟⡇⡇⡇⠗⡟⣗⡇⡇⡇⠇⡆⣗⡟
           ⠇⣅⣄⡅⠏⠋⠃⣇⣇⡗⡇⡇⡇⡇⡇⠇⡇⡇⡇⠇⠇⣅⡇⡇⠗⡗⡇⣗⣗⡗⡇
