---
source: tui/src/bottom_pane/chat_composer/noir_dragon_tests.rs
expression: "gallery.join(\"\\n\")"
---
Flight 112x10 Working(0ns)
  F L I G H T                                              :==.... . ..--==*%%**+==+==-:..-=.-:::::. .
  madhavanprasanna.com                                    :-+:. . . . ..:...-:-::.:-==::::=+-...    ... . . .
                                                          ::.. .   :   . . . ... . . . ..---.  ...   . . . . .
                                                          -+*    .---.:::.:...:.......--+--:-:=-:..   :.......
                                                          -++#*+:---:...:-=++--=+*==--.:==:--==-::-#++========
                                                          *+++++**%****+******+=++===-:.:.  ::-:-:=++******+*+
                                                          ----:=--:::--+++=+====-=-:            :-=+=+++++++++
                                                          #+=-=---=-=*###****++=-.:.:.:...::=.  -++++++++++++=
                                                          ==----::::-++**+====--:........---==:.:--=======-=--
                                                          ===------=++*#***++=+=-:-==---=-=-===-=+***++====-=-
Flight 112x10 Working(1.5s)
  F L I G H T                                             +:--:.. . .::.... . . . .:==*+*+=-:...::. . . . . .
  madhavanprasanna.com                                    =--==+=-:. . ..... ... . ....:-=--::::--...... . . .
                                                          ::=:. ..:::..  ........   ..:::::.:..:-:-::.........
                                                          :=++=-::::.. ..--=::::::. .+*##*..  :*##+*++==-:.:.:
                                                          --=:. .       -+*+=-##++*. =+=+##-    . :-==+++++==-
                                                          -=-:-*=-:.-*=--+*#*+-%@@+:  :=-:::.. :=-..-*=====+**
                                                          ---.---:--++*+=-+++++=%%@@::--=--.. ..:--=*##++=+=+=
                                                          *###=--==+*#*+++++++===+#%=-::.::::::-=+=+=+========
                                                          -=+=+-----=-=---=-=-=--::.:::--==---=====--:-:-:-:-:
                                                          =+**=+-===-===-=------:-::---=====-=-=-----=-=------
Flight 80x8 Idle
  F L I G H T                       .-=:.. . ..--=*#++=+=+=-..=-::::....
  madhavanprasanna.com              ::- . .   .....::...:.:.::==. .   ... . .
                                    :+:   .-:..:.. ........:--:..-::   ... ...
                                    =+*+=.-::..:-=+--=+=-:-:=---==-.:+=-===-=-
                                    +====+**++++**+*+===--:...  :::--++*+*+*++
                                    +=--=-=--=++*++====:... .     :=++*+++++++
                                    *+------=#*%*+=+=-...:...--=-..-==========
                                    ===-----=+***++=+=-:=--:=-=-=-==+**++==-=-
Transit 112x10 Working(700ms)
  T R A N S I T                                           ---------------=-=-=============-=-=-===-=-=-=------
  photo by mario calvo                                    %%%%%%%%%%@%@%@%@%@%@%@@@@@@@@@@@%@%@%@%@%@%%%%%%#%#
                                                          #%##**++==:-:-:::-:------=-=-=+**#%@%@%@%@%%%%####**
                                                          ##%##**+=-::-::.::::::::-:::-=++##%%@@@%@%%%%%%##*++
                                                          #%%%%%##++=++*+++++###+==--==+*##%%@@@@@%%%%%%%%#*+*
                                                          ##%%%##**++*#####+*@@@%+*+**++*=**%%@%@%%%%%%%%##***
                                                          *###**++--:-===++==**+*+=--=-=+=+##%%@%%%%#%#%##**++
                                                          ****++=--::.:...::::-::::.. ..:-==*#%%%%%%%#%##**==:
                                                          =+++==--::.. . .........     .:--=+**#*#*#*****+==::
                                                          ++*++++==-===-================++**##%#%#%####*#**+++
Transit 80x8 Working(0ns)
  T R A N S I T                     ++++++++=+=+========-=-=-============+=+++
  photo by mario calvo                  ....:::::::::::::::::..             ..
                                    ::.:-==*#####%#%####*#*#++-:.. . ....::--=
                                    -:..::-=+++=++*+=-=****++-:..   ......::--
                                    .:...::===--:---  .=-=-+===-.. ........::=
                                    =:--==+*%####*#**++***##*++--.......:.:-=+
                                    ==--=++*#%%%%%#%%%%%%@@@%#*+=-:::::::::=+*
                                    +===+++******************+=--:::::::----==
Transit 44x6 Idle
           =++++++++*+*+*******+*+*+*+*+++
           %%%#*++===+=++++++*#%@@@@@@%%##
           #%#%*+====-=++---=+#%@@@%%%%##+
           ##%##+=+***+%#*+*=++#%@%%%%%%#*
           +**+=-....:::::: .:-=*#%#%##*+-
           ++*==-------------==**%####**++
