---
source: tui/src/bottom_pane/chat_composer/noir_scene_tests.rs
assertion_line: 843
expression: "gallery.join(\"\\n\")"
---
Dither Overdrive 112x10 3200ms
⢿⣽⢿⣿⢿⣿⢿⣽⢿⣽⢿⢽⢿⣽⢿⣽⢿⣿⢿⣽⢿⢽⢝⢕⢕⢕⠕⢅⠕⢅⠕⠅⠕⠅⠕⠅⠕⠅⠕⠅⠕⠅⠅⠅⠅⠅⠁⠅⠁⠅⠁⠅⠅⠅⠅⠅⠅⠅⠅⠅⠅⠅⠁⠄⠁⠅⠁⠄⠁⠅⠁⠅⠁   ⠁ ⠁         ⠁       ⠁   ⠁   ⠁ ⠁ ⠁ ⠁
⢽⣽⢿⣿⢿⣽⢿⣽⢿⣽⢿⣽⢿⢽⢿⣽⢿⣽⢿⣿⢿⢽⢝⢵⢕⢕⠕⢅⠕⠅⠕⠅⠅⠅⠕⠅⠅⠅⠕⠅⠅⠅⠅⠅⠁⠅⠁⠅⠁⠄⠁⠅⠁⠅⠁⠅⠁⠅⠅⠅⠁⠅⠁⠅⠁⠄⠁ ⠁       ⠁ ⠁               ⠁⠄⠁ ⠁
⠝⢝⠝⢝⠝⢝⠝⢝⠝⢝⠝⢝⠝⠝⠝⠝⠝⠝⠝⠝⠝⠝⠝⠅⠝⠅⠑⠅⠁⠅⠁⠁⠁⠁⠁⠁⠁⠁⠁⠁⠁⠅⠁⠅⠁⠅⠁⠁⠁⠁⠁ ⠁⠁⠁⠁⠁⠅⠁⠁⠁⠁⠁ ⠁           ⠁ ⠁ ⠁           ⠁ ⠁ ⠁⠄⠁ ⠁
⠁⠅⠕⠅⠕⠅⠕⢅⠕⢅⠕⢅⠕⠅⠕⠅⠅⠅⠅⠅⠁⠅⠁⠅⠁⠅⠁⠅⠁⠄⠁⠄⠁         ⠁ ⠁ ⠁⠄⠁ ⠁⠄      ⠁                   ⠁ ⠁ ⠁⠄⠁ ⠁       ⠁ ⠁ ⠁ ⠁ ⠁
⠁⠅⠁⠅⠕⠅⠕⠅⠕⢅⠕⠅⠕⢅⠅⠅⠕⠅⠕⠅⠕⠅⠁⠄⠁⠄⠁⠄⠁⠄⠁⠄⠁⠄⠁ ⠁ ⠁ ⠁ ⠁ ⠁⠅⠁⠁⠁⠁⠁ ⠁ ⠁                 ⠁   ⠁   ⠁ ⠁ ⠁ ⠁ ⠁       ⠁ ⠁ ⠁ ⠁ ⠁
⠁⠄⠁⠅⠕⠅⠕⢅⠅⢅⠕⢅⠅⢅⠕⢅⠅⠅⠅⠄⠁⠄⠁⠅⠁⠄⠁⠄⠁⠄⠁⠅⠁ ⠁ ⠁ ⠁   ⠁                         ⠁ ⠁           ⠁⠄⠁ ⠁       ⠁ ⠁ ⠁ ⠁ ⠁⠄
⠁⠅⠁⠅⠕⢕⠕⢕⠝⢕⠝⢕⠝⢕⠕⠅⠅⠅⠁⠄⠁⠅⠁⠄⠁⠄⠅⠄⠅⠄⠁⠄⠁⠄⠁ ⠁ ⠁ ⠁ ⠁                         ⠁           ⠁ ⠁ ⠁ ⠁         ⠁ ⠁ ⠁ ⠁ ⠁
⠁⠄⠅⠅⠕⠅⠕⠕⠕⠕⠕⠕⠕⠅⠕⠅⠑⠅⠕⠅⠕⠅⠅⠅⠁⠄⠅⠄⠁⠄⠁⠄⠁ ⠁⠄⠁ ⠁⠄⠁ ⠁                               ⠁
⠁⠅⠁⠅⠅⠅⠁⠅⠁⠅⠅⠄⠅⠅⠁⠅⠕⠅⠅⠅⠅⠅⠅⠅⠅⠅⠅⠅⠁⠄⠁⠄⠁⠄⠁⠄⠁⠁⠁ ⠁                   ⠁
⠁⠅⠕⠅⠁⠅⠁⠅⠁⠅⠁⠅⠁⠅⠁⠅⠁⠁⠁⠅⠁⠁⠁⠅⠁⠅⠁⠅⠁⠅⠁⠅⠁⠄⠁⠅⠁ ⠁               ⠁ ⠁
Dither Warp 112x10 900ms
⠅⠅⠁⠅⠅⠅⠅⠅⠕⠅⠅⠅⠅⠅⠅⠅⠅⠅⠁⠅⠅⠅⠁⠅⠅⠅⠁⠅⠁⠅⠁⠠⢄⣀⡉⠉⠒⠲⠭⠅⠁⠄⠁⠄⠁⠄⠁⠄⠁⠄⠁⠄⠁⠄⠁⠄⠁⠅⠁⠅⠁⠅⠁ ⠁ ⠁⠄⠁⠄⠁ ⠁⠄⠁⠄⠰⢻⡿⠋⠁   ⠁⠄⠁ ⠁⠄⠁⠄⠁⠄⠁ ⠁ ⠁ ⠁
⠁⠅⠅⠅⠅⠅⠕⠅⠅⠅⠅⠅⠅⠅⠅⠅⠁⠅⠅⠅⠁⠅⠅⠅⠁⠅⠁⠅⠁⠄⠁⠱⢶⣒⣬⡭⠍ ⠁⠄⠁⠄⠁⠄⠁ ⠁⠄⠁ ⠁⠄⠁⠄⠁⠅⠁ ⠁ ⠁ ⠁ ⠁⠄⠁⠄⠁⠄⠁⠄⠁⠄⠁⠄⠠⣾⣶⡄⠁⠄⠁⠄⠁⠄⠁⠄⠁ ⠁⠄⠁⠄⠁
⠁⠅⠁⠁⠁⠅⠁⠅⠁⠅⠁⠅⠁⠅⠁⠁⠁⠅⠁⠁⠁⠅⠁⠁⠁⠅⠁ ⠁ ⠁⠑⠒⠒⠒⠬⠍ ⠁ ⠁ ⠁ ⠁ ⠁ ⠁ ⠁ ⠁ ⠁ ⠁⠄⠁ ⠁⠄⠁⠄⠁⠄⠁⠄⠁⠄⠁ ⠁⠄⠁⠅⣠⣽⣉⠅⠁⠅⠁⠄⠁⠅⠁⠄⠁⠄⠁⠄⠁⠄⠁ ⠁         ⠁ ⠁ ⠁
  ⠁ ⠁ ⠁⠄⠁ ⠁⠄⠁ ⠁ ⠁ ⠁ ⠁ ⠁⠄⠁ ⠁ ⢄⣀⣀⣙⣒⣒⠒⠒⠂ ⠁   ⠁ ⠁ ⠁           ⠁⠄⠁⠄⠁⠅⠁⠄⠁⠄⠁⠄⠁⠄⠁⠅⠁⢀⣙⠛⠉⠅⠁⠄⠁⠅⠁ ⠁⠄⠁⠄⠁⠄⠁ ⠁   ⠁   ⠁ ⠁ ⠁   ⠁
⠁   ⠁⠄⠁⠄⠁⠄⠁⠄⠁⠄⠁⠄⠁ ⠁ ⠁ ⠁ ⠁ ⠁ ⢀⣀⣀⣀⣀⣀⡀ ⠁   ⠁ ⠁ ⠁   ⠁          ⠄⠁⠅⠁⠅⠁⠅⠁⠅⠁⠄⠁⠅⠁⢠⣴⣝⠋⠁⠁⠄⠁⠄⠁⠄⠁⠅⠁⠅⠁⠅⠁ ⠁⠄⠁ ⠁⠄⠁ ⠁⠄⠁⠄⠁⠄⠁
  ⠁   ⠁   ⠁⠄⠁⠄⠁⠄⠁ ⠁ ⠁ ⠁   ⠁ ⠒⣒⣒⣒⣒⡶⠄                       ⠁⠄⠁ ⠁⠅⠁⠅⠁⠄⠁⠄⠙⠎⠉⠁⠁⠅⠁⠄⠁⠄⠁⠅⠅⠅⠁⠅⠅⠅⠁⠄⠁⠅⠁⠄⠁⠄⠁ ⠁ ⠁ ⠁⠄⠁ ⠁⠄⠁ ⠁
⠁⠄⠁ ⠁ ⠁ ⠁ ⠁ ⠁⠄⠁⠄⠁⠄⠁⠄⠁⠄⠁ ⠁ ⠁ ⠐⠒⠒⠒⠒⠒⠂                 ⠁   ⠁⠄⠁⠄⠁⠄⠁⠄⠁⠄⠁⠄⠁⠄⠁⠁⠁⠅⠁⠁⠁⠄⠁⠄⠁⠄⠁⠅⠁⠁⠁⠁⠁⠁⠁⠁⠁⠁⠁ ⠁ ⠁ ⠁⠄⠁⠄⠁⠄⠁ ⠁
⠁ ⠁ ⠁ ⠁⠄⠁⠄⠁⠄⠁⠄⠁⠄⠁ ⠁⠄⠁ ⠁ ⠁ ⠠⠤⠤⠖⠒⣒⡂                         ⠁ ⠁ ⠁⠁⠁ ⠁ ⠁ ⠁ ⠁                     ⠁ ⠁ ⠁ ⠁ ⠁   ⠁
⠁ ⠁ ⠁⠄⠁⠄⠁⠄⠁⠄⠁⠄⠁⠄⠁⠄⠁ ⠁⠄⠁ ⠁⠄⠐⠒⠉⠉⠉⣀⣀⡀              ⠁ ⠁ ⠁             ⠁ ⠁   ⠁           ⠁               ⠁   ⠁
⠁ ⠁ ⠁ ⠁ ⠁ ⠁⠁⠁ ⠁⠅⠁ ⠁⠄⠁⠄⠁⠄⠁ ⠁⠒⣚⣉⡩⢥⣖⡢        ⠁   ⠁
Dither Warp 112x10 6000ms
                          ⠉⠉⣓⠒⠦⠤⢄⣀⣀     ⠉⠑⠚⠭⢗⣢⢤⣀⡀ ⠈⠙⠻⢶⣤⡀  ⢄ ⠈⢣⡀  ⠸⡆  ⡀⢀⡟ ⠈   ⢀⠔  ⣀⣤⠴⠊                        ⢀⣀⣀
                            ⠈⠉⠉⠓⠒⠒⠬⠭⢍⣒⣒⠤⠄     ⠉⠑⠻⠤⢀   ⠈⠑⠂  ⠹⢦⣀  ⠐⣄⠳  ⡇⠹  ⣠ ⣠⠞⠁⣀⢴⠞⠋ ⣀⣤⡴⠦⠒⠋                ⠐⠒⢉⡩⠥⠤⠖
                                       ⠛⠛⣷⠤⠤⣀⣀⣀   ⠈⠉⠳⢶⣤⣄⣀    ⠙⠣⡄⠁⠈⢧⠄⠁⡇⠁⢄⡵⠅⠞⠁⠁⠈⠁ ⠰⠒⠛⠉⠁
                ⠐⠒⠒⠒⠦⠤⠤⠤⠤⠤⠤⠤⢄⣀⣀⣀⣀⣀⡀      ⠈⠉⠉⠉⠓⠒⠛⠻⠥⠤    ⠈⠉⠓⠂  ⠉⠓⠤⡅⠄⠉⠇⢥⡇⡅⠏⠁⢄⣡⠤⠂⣀⣀⣀⣀⠤
                              ⣀⣀⣀⣀⣀⣀⣀⣀⣀⣀⣀⣀⣀⡀          ⠐⠒⠒⠒⠢⠤⠁   ⠁⠅⠅⠅⠕⣕⣵⡇⠏⠍⠁⠈⠉⠩⠥⣤⣤⣤⣄⣀⣀
                                ⠐⠒⠒⠒⠒⠒⠒⠒⠒⠒⠒⠒⠶⠖⣒⣒⣲⠶⠶⠶⠶⠤⠄       ⠁ ⠁⠅⠕⠅⠕⠝⠗⣅⠍⠝⠓⡒⠂                         ⠈⠉⠉⠉⠉⠉⠉⠉⠛⠛
                                                      ⣀⣀⣄⡠⠄     ⠁⠅⠁⠅⠕⠅⠅⠅⠛⢅⠁⠈⠙⠲⠦⣀⡀                              ⠈
                     ⢀⣀⣀⣀⡤⠤⠤⠤⠖⠒⣒⣒⣋⡭⠭⠥⠔  ⢀⣀⣀⡤⢤⣴⣲⠦⠤⠢⠔⠒⠟⠛⠋⠉          ⠁⠄⠁⠄⠁⠅⠁ ⠁     ⠈                     ⠤⠤⠤⣀⣀⣀⡀
                   ⠈⠉⠁⠠⠤⠴⠒⠒⠒⠉⠉⠉⠁    ⠒⠒⠫⠭⠽⠒⠚⠉⠉     ⡀⢀⡀           ⠁ ⠁ ⠁ ⠁ ⠁   ⠁                          ⠈⠓⠒⠒⠤⠭⢭⣉⣙
                                             ⣀⡠⣔⡾⠝⠋⠉   ⡀⣠
Dither Warp 80x8 12000ms
                ⠈⠒⠒⠤⠤⣌⣉⡓⠚⠥⢤⣀⡀   ⠈⠙⠒⢤⣉⠁        ⡈⣇⠁⢠⡇ ⣱⢦⠞⠈   ⣠⣴⠿⠓⣀⣠⣴⠦⣒⣫⣥⣲⠦⠖⠒⠉⠁
                     ⠐⠒⠚⠯⠽⢶⣒⣈⡀      ⠠⢍⣒    ⠰⣄ ⠙⡌⠁⠌⠃⢤⠏⠈⠁⢀⣤⠾⠟⠋⠠⠒⠋⠁⠟⠊⠉⠈⠉
 ⠠⠤⠤⠤⠤⠤⠤⢄⣀⣀⣀⣀⣀⣀⣀⣀        ⣀⣀⣀ ⠉⠉⠁       ⠉⠓⠦⣄⣀⠉⠕⠁⠍⠅⠅⢥⠅⠅⠄⠑⠋⠁ ⢀              ⠠⠤⠴⠒⢒⣒⣲
                ⠈⠁          ⠉⢉⣉⣉⣉⣁⣀⣀⡀     ⠁⠨⠭⠤⠅⢝⠷⣧⡷⣧⠥⠕⠁⠴⠚⠻⠧⠤⠤⣤⣀⣀⣀⡤⠤⠄
     ⣀⣀⣀⣀⣀⣀⣀⣀⡤⠤⠤⠤⠤⠤⠤  ⣀⣀           ⠉⠉⠉⠉⠉⠁  ⠤⠵⠗⠅⢅⠝⢝⢝⢍⠍⠅⠁ ⠁   ⠈⠉⠉⠉⠛⠛⠓⠒⠒⠦⠤⠤
          ⠐⠒⠒⠒⠒⠊⠉⢉⣉⣉⣉⡩⠥⠄⣀⣀⣀               ⠁⢀⡥⠞⠛⢥⡇⡅⠝⣧⠙⠦⠁ ⠛⠷⢶⣤⣄
          ⠒⠒⠒⠋⠉⠩⠭⠵⠒⠒⠚⠉⠉⠉  ⢀⣀⣠⢤⣀⡤⢴⡂⣀⡠⠴   ⣠⠔⠋⠈⠁ ⠁⠞⠁⣿⠁⠌⠁ ⠛⢦⣅  ⠉⠛⠿⢶⣦⢤⡀   ⠒⠢⠤⢄⣀⡀
                   ⢀⣀⡤⠤⠖⠚⠭⠟⣚⡭⠵⡲⠟⠛⠉⠁   ⠐⠋   ⢀⡆ ⠁ ⢡⠘⠁⢠  ⠁ ⠙⠳     ⠈⠁       ⠈⠓⠚⠭⠵⣒⣲⠄
Coast Overdrive 112x10 2000ms
  C O A S T                                               ⣿⣿⣿⣿⣿⣿⣿⣿⣿⣿⣿⣿⣿⣿⣿⣿⣿⣿⣿⣿⣿⣿⣿⣿⣿⣿⣿⣿⣿⣿⣿⣿⣿⣿⣿⣿⣿⣿⣿⣿⢿⢅⠁ ⠁⠄
  photo by focal insight                                  ⣿⣿⣿⣿⣿⣿⣿⣿⣿⣿⣿⣿⣿⣿⣿⣿⣿⣿⣿⣿⣿⣿⣿⣿⣿⣿⣿⣿⣿⣿⣿⣿⣿⣿⣿⣿⢿⢿⠿⠿⠝⠅⠁⠄ ⠄⠁⠄
                                                          ⣿⣿⣿⣿⣿⣿⣿⣿⣿⣿⣿⣿⣿⣿⣿⣿⣿⣿⣿⣿⣿⣿⣿⣿⣿⣿⣿⣿⣿⣿⣿⣿⣿⣿⢟⠝⠕⢅⠁⢅⠁⠄⠁ ⠁   ⠁
                                                          ⣿⣿⣿⣿⣿⣿⣿⣿⣿⣿⣿⣿⣿⣿⣿⣿⣿⣿⣿⣿⣿⣿⣿⣿⣿⣿⣿⣿⣿⢿⠟⠝⠝⠅⠕⠅⠁⠅⠁⠅⠑⠅⠅⠄⠄⠄⠄⠄
                                                          ⠿⢿⠿⢿⠿⢿⠿⢿⠿⢿⠿⢿⠿⢿⠿⢿⢿⢿⠿⢿⢿⢿⢿⢿⠿⢿⠟⠝⠝⠅⠁⠄⠅⠅⠕⠅⠅⢅⠅⠄⠕⠅⠕⠅⠅⠅⠁    ⠄
                                                          ⠁⠄⠁⠅⠁⠄⠁⠅⠁⠅⠁⠅⠁⠄⠅⠅⠅⠅⠕⠅⠕⠕⠕⠅⠁   ⠁⠅⠕⢅⠕⠅⠕⠅⠅⠅⠁⠅⠁⠅⠁⠅⠁⠄⠁  ⠄⠅⠅
                                                          ⠅⠄⠅⠄⠅⠄⠁⠅⠁⢅⠅⢅⠅⠅⠕⠅⠁⠁          ⠁⠅⠁⠅⠁⠅⠑⠅⠕⠅⠁⠅⠕⠅⠕⠅⠕⠅⠁⠄⠁⠅⠕⠅
                                                          ⠁⠅⠅⢅⠅⢅⢕⢕⢕⢅⢕⢅⢕⠅⠕⠁⠁      ⠄      ⠁ ⠁                 ⠁
                                                          ⠅⢅⠅⠅⠅⠅⠅⠅⠝⠍⠙⠍⠝⠅⠅⢄⢄⢄⠄⠄⠅ ⠁
                                                          ⠝⢕⢝⢕⠕⢅⠕⢅⠅⢄⠄⢄ ⢄⠄⢅⠅⠅⠁⢄
