---
source: tui/src/bottom_pane/chat_composer/noir_scene_tests.rs
assertion_line: 737
expression: "gallery.join(\"\\n\")"
---
Dither 112x10 Working(0ns)
⢕⢕⢕⢕⢝⢕⢕⢕⢝⢕⢕⢕⢝⢕⢝⢕⢝⢵⢝⢵⢝⢵⢝⢕⢝⢕⠕⢕⠕⢅⠕⢅⠕⢅⠕⢅⠕⢕⠕⢕⠕⢕⠕⢕⠕⢕⠕⢕⢕⢕⢕⢕⢕⢕⢕⢕⢝⢕⢝⢕⢝⢕⠕⠕⠕⠅⠁   ⠁⠄⠁⠅⠁⠄⠁⠄⠁⠄⠁⠅⠁     ⠁⠅⠅⠅⠁⠅⠕⠅⠅⠅⠕⠅⠁⠅⠁ ⠁⠅⠁
⠕⢕⢕⢕⢕⢕⢕⢕⢕⢕⢝⢕⢝⢵⢝⢵⢝⢵⢝⢵⢝⢕⢝⢕⢕⢕⠕⢕⠕⢅⠕⢕⠕⢅⠕⢕⠕⢕⠕⢕⠕⢅⠕⢕⠕⢕⢕⢕⢕⢕⢝⢵⢝⢵⢝⢵⢝⢕⢝⢕⠕⠅⠁ ⠁ ⠁  ⠄⠅⠅⠁⠅⠅⠅⠁⠄⠁⠄⠁ ⠁⠄  ⠁⠄⠁⠅⠕⠅⠕⠅⠕⠅⠁⠅⠅⠅           ⠄
⠕⠅⠑⠅⠑⠅⠑⠅⠑⠅⠑⠅⠝⠕⠝⠕⠝⠕⠝⠕⠝⠕⠕⠅⠕⠅⠁⠅⠑⠅⠁⠅⠑⠅⠑⠅⠕⠅⠑⠅⠑⠅⠁⠅⠑⠅⠑⠅⠝⢕⠝⢕⢝⢕⠝⠕⠝⠅⠁⠅⠕⠅⠁ ⠁  ⠄⠅⠅⠁⠄⠁⠅⠁ ⠁⠄⠁⠄⠅⠅⠁⠄⠕⠅⠁⠅⠕⢅⠕⠅⠅⠅⠕⠅⠁⠅⠅⠄⠁  ⠄     ⠄⠁⠅
⠁⠄⠁⠅⠁⠄⠁⠅⠁⠄⠁⠄⠁⠅⠁⠅⠁⠅⠕⠅⠅⠅⠅⠅⠁⠄⠁⠄⠁⠄⠁⠄⠁⠄⠁⠅⠁⠅⠅⠅⠁⠅⠅⠅⠅⢅⠕⢅⠕⠅⠕⠕⠁⠁⠁⢄⠁ ⠁ ⠁⠁⠁ ⠁⠄⠅⠅⠅⠅⠅⠅⠅⠅⠅⠄⠁⠅⠁⠅⠁ ⠁⠄⠁⠁⠁⠅⠕⠅⠑⠅⠕⠅⠕⢅⠅⠅⠅⠅   ⠁⠁ ⠁⠄⠅⠅⠅⠅
⠁⠅⠁⠅⠅⠅⠁⠄⠁⠄⠅⠄⠕⠅⠅⠅⠅⠅⠅⠅⠅⠅⠁⠅⠅⠄⠁⠄⠁⠄⠁⠅⠁⠅⠁⠅⠅⠅⠕⠅⠕⠅⠁⠅⠑⠕⠑⠅⠁⠁  ⠁ ⠁⠁⠁      ⢄⠕⢅⠅⠅⠕⠅⠅⠅⠅⠅⠅⠅⠅⠅⠅⠅⠁⠅⠁⠄⠁⠄⠁⠅⠁⠅⠅⠅⠕⠅⠑⢅⠕⠅⠅⠅⠅⠅⠁    ⠅⠅⠅⠁⠅
  ⠁⠄⠁⠄⠁⠅⠁⠅⠅⠄⠁⠄⠁⠄⠅⠅⠁⠅⠁⠅⠁⠅⠕⠅⠅⠅⠁⠅⠁⠅⠁⠄⠁⠅⠁ ⠁   ⠁ ⠁                ⢅⢕⢕⠕⠅⠁⠅⠁⠅⠅⠅⠁ ⠁⠅⠅⠅⠕⢅⠅⠅⠅⠅⠅⠅⠕⠅⠕⠅⠕⢅⠅⢅⢕⢕⢕⢕⠅⢅⢕⢅⠅⠅⠁ ⠁⠅⠁⠅⠁⠅
⠁ ⠁⠅⠑⠅⠑⠅⠕⠅⠅⠅⠅⠅⠁⠅⠁⠅⠁⠄⠅⠅⠅⠄⠕⠅⠕⠅⠅⠅⠅⠅⠁⠅⠁⠅⠁       ⠁⠅⠕⠄⠁ ⠁ ⠁   ⠁⠄⠁⠄⠕⠅⠅⠅⠕⢕⠕⢅⠅⠄⠁⠅⠁⠄⠁⠁⠁⠅⠁⠅⠁⠅⠁⠅⠁⠅⠁⠅⠁⠁⠁⠁⠕⠁⠁⠁⠑⠁⠁⠅⠕⠅⠁⠄⠅⠅⠁⠄⠅⠅⠁⠅
⠁ ⠁⠅⠑⠅⠁⠅⠕⠅⠕⠅⠕⢅⠕⠅⠅⠄⠅⢄⠅⠅⠅⠅⠅⠅⠅⠅⠁⠅⠕⠅⠁⠅⠁⠅⠁       ⠁ ⠁⠁⠁       ⠄⠄⠅⠄⠁ ⠁⠁⠁⠅⠑⠅⠁ ⠁     ⠁                       ⠁⠁⠁  ⠁⠁   ⠁
⠁⠄⠁⠄⠅⠅⠅⠅⠕⠅⠅⠅⠅⠅⠅⠅⠅⢅⠕⢅⢕⢅⠕⢅⠕⢅⠕⠅⠅⠅⠁⠅⠁⠁⠁              ⠄⠄⠄⠕⠅⠕⠕⠁⠁⠁ ⠁ ⠁                                 ⠁  ⠄      ⠁   ⠁
⠁⠅⠁⠅⠁⠅⠕⠅⠁⠁⠁⠁⠁⠁⠁⠁⠑⠅⠕⠅⠕⠅⠕⠅⠕⠅⠕⠅⠕⠅⠕⠄             ⠄⠁⠅⠁⠅⠁⠅⠁
Dither 112x10 Working(3.2s)
⢝⢵⢝⢵⢝⢽⢝⢵⢝⢵⢝⢵⢝⢽⢝⢵⢝⢽⢝⢵⢝⢵⢝⢕⢕⢕⠕⢅⠕⢅⠕⠅⠕⠅⠕⠅⠕⠅⠕⠅⠕⠅⠅⠅⠅⠅⠁⠅⠅⠅⠅⠅⠕⢅⠕⢅⠕⠕⠕⠅⠁   ⠁⠄⠁⠄⠅⠅⠁⠅⠅⠅⠁⠅⠅⠄  ⠁ ⠁⠅⠅⠅⠑⢅⠕⢕⠕⢕⢝⠅⠑⠕⠑⠁⠁⠅⠁    ⢄⠅⠄⠁
⢕⢕⢝⢵⢝⢵⢝⢵⢝⢵⢝⢵⢝⢵⢝⢽⢝⢵⢝⢵⢝⢕⢝⢕⢕⢕⠕⢅⠕⠅⠕⠅⠅⠅⠕⠅⠅⠅⠕⠅⠅⠅⠅⠅⠅⠅⠅⠅⠁⠅⠅⠅⠕⠅⠕⠅⠁ ⠁⠅⠁  ⠄⠁⠄⠁⠅⠁⠄⠕⠅⠑⠅⠅⠅⠅⠅⠅⠅⠅⠅⠕⢅⠕⠅⠕⠅⠕⢕⠕⢕⠕⠅⠅⠄         ⠅⠕⢅⠕⠅⠁
⠑⠅⠑⠅⠝⠕⠝⠕⠝⠕⠝⠕⠝⠕⠝⠅⠝⠅⠙⠅⠝⠅⠑⠅⠕⠅⠑⠅⠁⠅⠁⠁⠁⠁⠁⠁⠁⠁⠁⠁⠁⠅⠁⠅⠁⠅⠁⠅⠁⠁⠁⠁⠁ ⠁⠄⠁ ⠁ ⠁⠄⠅⠅⠅⠄⠁⠅⠁⠅⠁⠄⠕⢅⠕⠅⠕⢅⠕⢕⠕⢅⠕⢅⠕⢅⠅⠅⠕⠅⠁⢕⠕⠕⠕⠅⠁⢄⠄⠄⠁  ⠅⠕⢅⠕⠅⠁⠅⠁
⠁ ⠁⠄⠁⠄⠁⠅⠅⠅⠅⠅⠁⠅⠅⠅⠁⠅⠁⠅⠁⠄⠁⠅⠁⠅⠁⠅⠁⠄⠁⠄⠁ ⠁   ⠁ ⠁⠄⠁⠄⠁⠄⠁         ⠁ ⠁⠅⠅⠅⠕⢅⠕⠅⠕⢅⠅⢅⠕⠅⠅⠅⠅⠅⠅⠅⠕⠅⠕⠅⠕⠅⠑⠅⠕⢕⠕⢅⠕⠅⠕⠅⠁⠄ ⠅⠁⠅⠁⢄⠕⢅⠕⠅⠑⠅⠁⠅⠁
⠁⠄⠁⠄⠁⠄⠁⠅⠕⠅⠅⠅⠅⠄⠅⠄⠁⠄⠁⠄⠁⠅⠁⠄⠁⠅⠁⠅⠁⠅⠁⠅⠅⠅⠁⠁⠁ ⠁ ⠁ ⠁     ⠁ ⠁      ⠄⠁⠅⠅⢅⠕⢅⠕⢅⠕⠅⠕⢅⠕⠅⠕⢅⠅⠅⠕⠅⠅⠅⠕⢅⠑⢅⠕⢅⠕⠅⠕⢅⠕⠅⠕⠅⠕⠅⠅ ⠁ ⠕⢕⠕⠅⠕⢅⠅⢄⠄⠄ ⠄
  ⠁ ⠁⠄⠁⠄⠁⠄⠕⠅⠁⠅⠁⠅⠁⠅⠁⠅⠁ ⠁⠅⠁⠄⠁⠅⠁⠄⠅ ⠁                       ⠁⠅⠕⠅⠁⠅⠁⠅⠅⠅⠕⠅⠕⢅⠕⢅⠕⢅⠕⠅⠕⠅⠕⢕⠕⢕⢝⢕⠕⢕⢕⢅⢅⢕⢕⢕⠅⢅⢕⢅⠕⠅⠕⢅⠕⢅⠕⢅⠅⠅⠕⠅⠁⠅⠁⠄
⠁⠅⠁⠄⠁⠄⠁ ⠁⠅⠁⠅⠁⠅⠅⠄⠅⠄⠁⠄⠅⠄⠁⠄⠅⠅⠁⠅⠁⠅⠁          ⠄            ⠁⠄⠁⠅⠁⠅⠕⢅⠅⠄⠅⠅⠅⠄⠁⠁⠑⠅⠑⠅⠑⠅⠕⠅⠕⠅⠅⠕⠕⠅⠁⠁⠕⠁⠁⠁⠁⠁⠁⢅⠅⠅⠁⠅⠕⢕⠕⢕⠕⠕⠕⠅⠁⠄⠁⠄⠁⠅
⠁⠄⠁⠅⠑⠅⠕⠅⠕⠅⠅⠅⠁⠄⠅⠅⠁⠄⠁⠄⠁⠅⠅⠅⠁⠅⠁⠅⠁ ⠁                         ⠁ ⠁⠄⠁⠅⠁⠁⠁⠁⠁   ⠁   ⠁   ⠁ ⠁             ⠁⠁⠁⠁⠁⠁⠁ ⠁⠄⠁ ⠁⠄⠁
⠁⠅⠁⠄⠅⠅⠅⠅⠅⠅⠁⠄⠅⠅⠅⠅⠅⠅⠁⠅⠕⠅⠅⠅⠁⠅⠁⠁⠁                 ⠁   ⠁         ⠁                                ⠄      ⠁   ⠁
⠁⠅⠁⠅⠁⠁⠁⠁⠁⠁⠁⠅⠁⠅⠅⠅⠅⠅⠕⠅⠕⠅⠕⠅⠁                 ⠁
Dither 112x10 Working(9s)
⢕⢕⢕⢕⢝⢵⢝⢽⢝⢽⢽⢽⢿⢽⢽⢽⢽⢽⢝⢽⢝⢽⢝⢵⢝⢵⢝⢕⢝⢕⢕⢕⢕⢕⠕⢅⠕⠅⠕⠅⠕⠅⠕⠅⠕⢕⠕⢕⢕⢕⢕⢕⢝⢕⢝⢕⢝⢵⢝⢽⢽⢽⢿⣽⢿⢽⢿⢝⠅⠅⠁ ⠕⢅⠅⢅⠕⠅⠁⠅⠅⠅⠁⠅⠅⠄  ⠁   ⠁   ⠁ ⠁ ⠁⠅  ⠁   ⠁
⠕⢕⢕⢕⢕⢕⢝⢵⢝⢽⢽⢽⢽⢽⢿⢽⢽⢽⢝⢽⢝⢵⢝⢵⢝⢕⢝⢕⢕⢕⢕⢕⠕⢅⠕⢅⠕⠅⠕⠅⠅⠅⠕⢅⠕⢅⢕⢕⢕⢕⢝⢵⢝⢵⢝⢵⢝⢽⢽⢽⢽⢽⢿⢝⠙⠅⠕⠅⠕⠅⠁⢄⢕⢅⠕⠅⠅⢄⠕⠅⠕⠅⠅⠅⠁⠄⠁⠄⠁⠄⠁⠄⠁ ⠁ ⠁ ⠁ ⠁ ⠁
⠁⠅⠁⠅⠑⠅⠝⠕⠝⠝⠝⠝⠝⠝⠝⠝⠝⠝⠝⠕⠝⠅⠙⠅⠝⠅⠕⠅⠕⠅⠑⠅⠑⠅⠁⠁⠁⠅⠁⠁⠁⠅⠁⠅⠑⠅⠑⠅⠕⠅⠝⠕⠝⢕⠝⢕⠝⠝⠙⠝⠝⠅⠕⢕⠕⠅⠕⠅⢅⢕⠕⢅⠅⢅⠕⠕⠕⠅⠁⢅⢕⢅⠕⠅⠅⠅⠕⠅⠅⠄⠁⠄⠁   ⠁⠄⠁ ⠁⠄⠁
⠁ ⠁⠄⠁⠄⠅⠅⠁⠅⠅⠅⠅⠅⠁⠅⠁⠅⠁⠅⠁⠅⠁⠅⠅⠅⠅⠅⠁⠄⠁⠄⠁⠄⠁⠄⠁ ⠁⠄⠁⠄⠁⠅⠅⠅⠅⢅⠅⢅⠕⠅⠕⠕⠑⠁⠁⠄⠅⠅⠁ ⠁⠁⠁⠁⢑⢕⠕⢅⢕⢕⠕⢅⠕⢕⢕⢅⢕⢕⠕⢅⠅⠅⠅⠅⠁⠁⠁ ⠁ ⠁ ⠁⠄⠁⠄⠁ ⠁
⠁⠄⠁⠅⠁⠅⠅⠅⠅⠅⠁⠄⠅⠅⠅⠅⠕⠅⠅⠅⠅⠄⠅⠅⠁⠅⠁⠄⠁⠅⠁ ⠁⠅⠁⠄⠁⠅⠁⠅⠅⠅⠕⠅⠁⠁⠁⠅⠑⠅⠑⠁⠁ ⠁ ⠁⠁⠁      ⢄⠝⢕⢕⢕⢕⢕⢕⢕⠕⢕⢕⢕⠕⢕⠕⢅⠅⠅⠅⠅⠁⠄ ⠄⠁ ⠁⠄⠁ ⠁⠁⠁ ⠁        ⠄⠁
⠁⠄⠁⠄⠁⠄⠁⠄⠁ ⠁⠄⠁⠄⠁⠄⠁⠄⠕⠅⠅⠅⠅⠅⠁⠅⠁⠅⠁ ⠁ ⠁⠄⠁⠄⠁⠄⠅⠅⠁ ⠁               ⠁    ⠄⠕⢕⠝⠅⠅⠅⠕⠅⠕⢅⠕⠅⠕⢕⢕⢕⢕⢅⠅⠅⠅⠄⠕⠅⠅⠅⠅⠅⠅⠅⠁⠄⠁ ⠁⠄      ⠁   ⠁
⠁⠅⠅⠅⠁⠅⠑⠅⠁⠅⠁⠅⠁⠅⠁ ⠁⠅⠁⠅⠁⠅⠅⠄⠅⠅⠅⠄⠅⠄⠁⠄⠁⠅⠁ ⠁⠅⠁        ⠄⠁⠄  ⠁ ⠁⠄  ⠁⠄⠁⠅⠕⠅⠅⠅⠕⠅⠕⢕⠕⠅⠕⢕⠕⠄⠅⠕⠝⠅⠝⠅⠑⠅⠁⠅⠁⠅⠁⠅⠁⠁⠁⠁⠁⠁⠁⠁⠁ ⠁       ⠁ ⠁
⠁⠄⠁⠅⠁⠅⠑⠅⠁⠅⠁⠅⠑⠅⠁⠅⠕⠅⠅⠅⠅⠄⠅⠅⠅⠅⠅⠄⠁⠄⠁⠄⠁⠄⠁⠁⠁⠄⠁                ⠄  ⠄⠄⠅⠄⠁⠄⠁⠁⠁⠄⠁⠅⠁⠁⠁⠁⠁⠁⠁ ⠁ ⠁ ⠁
⠁ ⠁ ⠁⠄⠁⠄⠅⠅⠁⠅⠅⠅⠅⠅⠅⠅⠁⠅⠅⠅⠅⠅⠕⠅⠁⠅⠅⠅⠁⠄⠁⠅⠁ ⠁               ⠄⠄⠕⠅⠕⠄⠁⠁⠁⠁⠁ ⠁   ⠁     ⠁ ⠁
⠁ ⠁ ⠁ ⠁⠁⠁⠅⠁⠅⠁⠁⠁⠅⠁⠁⠁⠅⠁⠅⠁⠅⠁⠅⠕⠅⠅⠅⠕⠅⠅              ⠄⠁⠅⠁⠅⠁⠅⠁
Dither 80x8 Idle
⢕⢕⢕⢕⢝⢕⢝⢕⢝⢕⢕⢕⢝⢕⢕⢕⢕⢕⢕⢕⢕⢕⠕⢅⠕⢅⠕⠅⠕⢅⠕⢅⠕⢕⢕⢕⢕⢕⢕⢕⢕⢕⢕⢕⠕⢕⠕⠅⠁⠁⠁ ⠁⠄⠁⠄⠁⠅⠁⠁⠁ ⠁⠁⠁⠅⠑⠄⠅⠅⠅⠄⠅⠄⠁⠄
⠕⢕⢕⢕⢕⢕⢝⢕⢝⢕⢝⢵⢝⢕⢝⢵⢝⢕⢝⢕⠕⢕⠕⢅⠕⠅⠕⢅⠕⢅⠕⢕⢕⢕⢕⢕⢕⢕⢝⢕⢕⢕⠕⠕⠁⠁⠁⠄  ⠅⠅⠁⠄⠅⠅⠁⠄⠁⠄⠁ ⠁⠅⠅⠄⠕⠅⠅⠅⠅⠅⠁
⠑⠅⠑⠅⠑⠅⠑⠅⠙⠅⠙⠅⠝⠕⠝⠕⠝⠕⠕⠅⠕⠅⠁⠅⠁⠅⠁⠅⠁⠅⠑⠅⠕⢕⠝⢕⢝⠕⠝⠅⠙⠅⠁⠅⠁ ⠁⠄⠅⠅⠁⠄⠅⠅⠁⠄⠅⠅⠁⠄⠅⠅⠁⠅⠕⠅⠅⠅⠅⠅⠕⠅⠁⠄ ⠄ ⠄⠁⠄
⠁⠄⠁⠅⠁ ⠁⠅⠁⠅⠅⠅⠁⠄⠁⠅⠁⠅⠅⠅⠁⠅⠅⠅⠅⠄⠁⠄⠅⠅⠑⠅⠕⠕⠕⠅⠁⠁⠁⠅⠁    ⠄⠕⢅⠕⠅⠁⠅⠁⠅⠅⠅⠅⠅⠅⠅⠁⠄⠁⠅⠅⠄⠅⠅⠕⠅⠕⠅⠅⠄⠁  ⠅⠁⠅
⠁⠅⠁⠅⠅⢅⠅⠅⠅⠅⠁⠅⠅⠅⠁⠅⠁⠅⠁⠅⠅⠅⠅⠅⠅⠅⠁⠁⠁   ⠁ ⠁     ⠁  ⠄⠕⠕⠕⠅⠑⠅⠁⠅⠁⠅⠅⠅⠕⠅⠅⠄⠕⠅⠕⢅⠕⠅⠅⢅⠕⢅⠅⢅⠅⠅⠁ ⠕⠅⠅⠅
⠁⠄⠁⠅⠅⠅⠕⢅⠅⢄⠕⢅⠁⠄⠑⠅⠁⠅⠁⠅⠁⠅⠅⠅⠅⠅⠁     ⠁⠁⠁⠄⠁   ⠁⠄⠁⠅⠕⠅⠑⠅⠅⠄⠁⠁  ⠁⠁⠁⠁⠁⠁⠁⠁⠁⠁⠁ ⠁⠁⠁⠁⠁⠅⠁⠄⠁⠅⠁⠁⠁⠅
⠁ ⠁⠅⠅⠅⠅⠅⠕⢅⠕⢅⠕⢅⠕⢅⠅⠅⠅⠅⠁⠅⠁⠅⠁⠁      ⠁   ⠄⠄⠅⠄⠑⠁⠁ ⠁ ⠁⠁⠁                           ⠁ ⠁
  ⠁⠁⠁⠅⠁⠅⠁⠁⠁⠁⠁⠅⠅⠅⠁⠅⠑⠅⠁⠅⠁        ⠄⠁⠅⠁⠅⠁
Dither 80x8 Working(1.2s)
        ⠁                                    ⢄⢔⢕⢕⢕⠕⢕⢕⢵⢕⢕⢕⢵⢝⢵⢽⢵⢕⢕⢕⢕⠕⠅⠕⢅⠕⢅⠅⠅⠅⠅⠕⠅⠅⠅
      ⠁⠄⠁ ⠁                              ⢀⢕⢕⢕⢕⢝⢕⢕⢕⢕⢕⢝⢵⢝⢽⢝⢽⢿⢽⢝⢵⢝⢕⢕⢕⢕⢕⠕⢕⠕⢕⠕⢅⠕⢅⠕⠅⠅⠅
⢕⢄⢕⢄⢕⢵⢕⢵⢕⢵⢕⢄⢕⢄⠅⢄⠅⠄⠄⠄⠅⠄⠄⠄⠅⠄⠁⠄⠅⠄ ⠄ ⠄ ⠄ ⠄⠄⢄⠕⢅⢕⢕⢝⢝⢝⢵⢝⢵⢝⢽⢿⢽⢝⢵⢽⢽⢝⢽⢿⢽⢽⢽⢽⢵⢝⢕⢕⢕⢕⢕⠕⢕⠕⠅⠅⠅⠁⠅
⠕⢕⢕⢕⢕⢕⢝⢕⢝⢕⢝⢕⢕⢕⢕⢕⠕⠅⠅⠅⠁⠅⠁⠅⠁⠅⠁⠅⠁⠄⠁⠄⠁⠄⠅⠅⠅⠅⠕⢅⠕⢕⠝⢕⠕⢕⢝⢵⢽⢽⢽⢽⢝⢵⢽⢽⢝⢽⢽⢽⢿⢽⢿⢽⢽⣽⢽⢵⢕⢕⢕⢕⢕⢅⠕⠅⠅⠅⠕⠅
⠕⢕⠕⢕⠝⢕⢝⢕⢝⢕⢕⢕⢕⢕⠕⢅⠕⢅⠕⠅⠅⠅⠁⠄⠁⠄⠁⠅⠅⠅⠅⠅⠕⠅⠕⠅⠕⢅⠕⢅⠕⢕⠕⢅⢕⢵⢽⢵⢽⢽⢿⢽⢝⢽⢝⢽⢽⢽⢝⢽⢝⢽⢝⢽⢿⢽⢝⢽⢝⢕⢝⢕⢕⢕⠕⠅⠕⠅⠁⠄
⠕⠕⠕⢕⠕⠅⠕⠕⠕⠕⠕⢕⠕⢅⠕⢅⠕⠅⠕⠅⠁⠅⠁⠄⠁⠅⠁⠅⠁⠅⠅⠅⠅⠅⠕⢅⠕⢅⠕⢕⠕⢅⢕⢕⢕⢕⢝⢽⢽⣽⢿⣿⢿⣿⣿⣽⢿⣽⢿⣽⢽⣽⢿⣽⢿⣽⢿⣿⢿⢵⢝⢵⢕⢅⢕⢅⠅⠅⠅⠅
⠕⠕⠕⠅⠕⠕⠕⠅⠕⠅⠕⠅⠕⠅⠕⠅⠕⠅⠅⠅⠅⠅⠅⠄⠅⠅⠁⠅⠅⠅⠅⠅⠕⠅⠕⠅⠕⢅⠕⢕⢕⢕⢝⢵⢝⢽⢿⣽⣿⣿⢿⣿⣿⣿⢿⣿⢿⣿⢿⣽⢿⣽⢿⣽⢿⣿⢿⣿⢿⣽⢽⢽⢝⢕⢕⢕⠕⢅⠅⠅
⠕⠅⠕⠅⠕⠅⠕⢅⠕⢅⠕⢅⠅⠅⠅⠅⠅⠄⠁⠄⠁⠅⠅⠅⠁⠅⠁⠅⠁⠅⠁⠅⠅⠅⠕⠅⠕⠅⠕⢅⠕⢕⢝⢵⢝⢽⢿⢽⢿⣿⢿⣿⢿⣿⢿⣿⢿⣽⢿⣽⢿⣽⢿⣿⢿⣿⣿⣿⢿⢽⢝⢽⢝⢕⠕⢕⠕⠅⠅⠅
Dither 44x6 Working(0ns)
⢕⢕⢕⢕⢝⢕⢕⢕⢕⢕⠕⢅⠕⠅⠅⠅⠕⢅⠕⢅⠕⢅⠕⢅⠕⠅⠅⠅⠅⠅⠁  ⠄⠁⠄⠁   ⠁
⢕⢕⢝⢵⢝⢵⢝⢕⢕⢕⠕⢅⠕⢅⠕⢅⠕⢅⢕⢕⢕⢕⢕⢕⠕⠅⠁   ⠁⠄⠁ ⠁⢅⠑⠅⠕⠄⠁
⠑⠅⠙⠅⠙⠅⠙⠅⠙⠅⠁⠅⠁⠅⠁⠅⠕⢅⠕⢅⠝⠅⠁⠁⠁⠄⠄⠄⠁⠄⠁⠄⠁⠅⠕⠅⠕⢅⠕⠅ ⠄ ⠄
⠁⠅⠁⠅⠁⠅⠅⠅⠁⠄⠁⠄⠁⠅⠁⠁⠁⠁⠁⠁⠁   ⠔⠅⠅⠁⠁ ⠅⠅⠁⠅⠕⠅⠅⢅⠕⠅⠅ ⠅⠄
⠁⠅⠁⠅⠕⠕⠕⢅⠅⠅⠅⠅⠁⠅⠁   ⠁ ⠅⠄⠁⠄⠁⠁⠁ ⠁     ⠁ ⠁  ⠁⠁⠁⠁⠁
⠁⠄⠁⠅⠁⠅⠁⠅⠁⠁⠁⠁⠁⠄ ⠄⠄ ⠁⠁⠁      ⠄
Coast 112x10 Working(0ns)
  C O A S T                                               ⣿⣿⣿⣿⣿⣿⣿⣿⣿⣿⣿⣿⣿⣿⣿⣿⣿⣿⣿⣿⣿⣿⣿⣿⣿⣿⣿⣿⣿⣿⣿⣿⣿⣿⣿⣿⣿⣿⣿⣿⣿⣗⠁  ⠄⠅
  photo by focal insight                                  ⣿⣿⣿⣿⣿⣿⣿⣿⣿⣿⣿⣿⣿⣿⣿⣿⣿⣿⣿⣿⣿⣿⣿⣿⣿⣿⣿⣿⣿⣿⣿⣿⣿⣿⣿⣿⣿⣿⠿⠿⠟⠅⠄⠄⠁ ⠕⠔
                                                          ⣿⣿⣿⣿⣿⣿⣿⣿⣿⣿⣿⣿⣿⣿⣿⣿⣿⣿⣿⣿⣿⣿⣿⣿⣿⣿⣿⣿⣿⣿⣿⣿⣿⣿⣿⠟⠁⠁⠁⢅⠅⠁⠁ ⠁   ⠁ ⠁
                                                          ⣿⣿⣿⣿⣿⣿⣿⣿⣿⣿⣿⣿⣿⣿⣿⣿⣿⣿⣿⣿⣿⣿⣿⣿⣿⣿⣿⣿⣿⣿⠿⠟⠙⠍⠅⠅⠁⠅⠕⠁⠑⠕⠕⠄⠕⢄ ⠄⠄⠄
                                                          ⠿⢿⠿⢿⠿⢿⠿⢿⠿⢿⠿⢿⠿⢿⠿⢿⢿⢿⠿⢿⢿⢿⠿⢿⢿⢿⠿⠟⠟⠁⠁ ⠔⠅⠅⠄⠅⢅⠅⢄⠕⢕⠕⠅⠅⠅⠁    ⠄
                                                          ⠁⠄⠁⠅⠁⠄⠅⠅⠁⠅⠁⠅⠁⠄⠅⠅⠅⢅⠕⠕⠕⠕⠕⠕⠁   ⠁⢀⠕⢕⠕⠅⠅⠄⠕⠅⠅⠅⠁⠅⠁⠅⠁⠅⠁⠄⠁ ⠕⠅
                                                          ⠅⠄⠅⠄⠅⠄⠁⠅⠁⢅⠅⢅⠅⢅⠕⠅⠕⠁⠁  ⠄       ⠅⠁⠅⠁⠅⠁⠕⠕⠅⠁⠅⠑⠕⠑⠄⠕⠅⠕ ⠁⠄⠕⠅
                                                          ⠁⠅⢅⠅⠅⢅⢕⢅⢕⢅⢕⢅⢕⢅⠕⠅⠁      ⠄ ⠄    ⠁⠁
                                                          ⠅⢅⠅⠅⠅⢅⠅⠅⠝⠅⠙⠉⠝⠝⠅⢄⠄⢄⢄⠄⠄⠄⠁ ⠁
                                                          ⠝⢕⢝⢕⢝⢅⠕⢅⠅⢄⠄⠄  ⢀⢄⠅⠅⠅⢀ ⢄                    ⠁
Flight 112x10 Working(1.5s)
  F L I G H T                                             ⢕⢅⢅⣄⢁ ⠁ ⠁ ⠁⠅⠁⠅⠁ ⠁⠅⠁ ⠁ ⠁ ⠁⠅⠙⠝⢿⢕⢷⢵⢥⢄⠅ ⠅⠄⢁⠄⠅⠄⠁ ⠁ ⠁ ⠁ ⠁
  madhavanprasanna.com                                    ⠝⠅⠉⠍⠙⠝⠙⠕⠁ ⠁ ⠁ ⠁⠄⠁ ⠁ ⠁ ⠁ ⠁⠁⠁⠄⠁⠁⠙⠕⠕⠅⠅⠅⠁⠄⠝⢅⠁ ⠁ ⠁ ⠁ ⠁ ⠁
                                                          ⠁⢄⢥⠄⠁ ⠁ ⠅⢄⠁⢄⠁⠄⠁ ⠁⠄⠁⠄⠁⠄⠁   ⠁⠁⠅⠄⠅⠅⠅⠅⠁⠁⠁⢅⠁⠅⠍⠅⠁⠁⠁⠄⠁⠄⠁⠄⠁⠄
                                                          ⠁⠅⢝⢵⢥⠄⠅⠅⠁⠅⠁⠁⠁ ⢀⢄⠕⢕⠅⢄⠁⢄⠁⢄   ⢵⢝⢽⢷⣕⠁⠁  ⢴⠽⢿⢷⠿⢵⢵⢤⢅⣄⢅⠄⠁⠄⠁⠄
                                                          ⠕⢅⠕⠅⠁⠁⠁ ⠁     ⠑⢽⢝⢵⠕⠕⢿⣵⢝⢽⢵⠄ ⠕⠝⠕⠝⢝⢷⣄  ⠁ ⠁⠁⠑⠕⠕⠕⠝⢵⠝⢵⢕⢥⢅⢅
                                                          ⠝⢅⢅⠄⢁⢵⠕⠅⠁ ⢥⣤⣄⢄⢅⢵⢝⢽⢽⢅⠝⢿⣿⣷⣅⢀  ⠁⢅⠕⠁⠁⠅⠁  ⢤⢵⢄⠁ ⢕⣤⢅⢤⢅⢤⢕⢵⢝⢵
                                                          ⢕⢅⠅⠄⠕⠅⠕⠅⢅⢅⢝⢍⢝⢍⢅⢅⢕⢵⢕⢕⢕⢵⢿⣽⣿⣿⠅⢄⢅⢕⠕⠕⠕⠅⠁ ⠁⠄⠁⢅⢅⢴⢟⢽⢟⢝⢝⢅⢝⢕⢝⢅
                                                          ⢝⢵⣷⣵⠕⢅⢅⢕⠝⢝⢽⢽⢽⢕⠝⢝⠝⠝⠝⢝⠝⠕⠝⠝⠿⢿⠕⠅⠁⠁⠁⠁⠁⠄⠁⢄⠅⢔⠝⢝⠝⠝⠝⢕⠝⠕⠝⠕⠝⠕⠝⢕
                                                          ⠕⢝⢝⢍⠝⢕⠕⢅⠕⢅⠕⢅⠕⢅⠕⢅⠕⢕⠕⢅⢕⢅⠕⠅⠁⠅⠁⠁⠅⢄⢕⢅⢕⢅⠅⢅⢕⢕⠕⢕⢕⢅⠅⠅⠅⢅⠕⠅⠕⠅⠕⠅
                                                          ⠕⢵⢿⢵⢕⢕⠕⢕⠕⠅⠕⢅⠕⢅⠕⠕⠕⠅⠕⠅⠑⠅⠁⠅⠁⠄⠕⠕⠕⠕⠝⠕⠝⠕⠕⢕⠕⠅⠕⠅⠕⠅⠕⢅⠕⠅⠕⠅⠑⠅⠕⠅
Moire 80x8 Working(2.2s)
  M O I R E                         ⢿⣿⠁ ⠑⢽⢿⢷⠅⢀⠙⢽⢷⢥⢕⢵⠝⢅⢕⣵⢗⢅⠁⢔⢽⢿⢟⠅⠁⢔⢿⢷⠝⢕⢑⢅⢕⢕⠕⢅⢕⢽
  interference field                ⠝⠝⢵⣷⢷⠁⠁ ⢿⣷⢕⠕⠕⢽⠕⠕⠅⢕⢕⠝⢕⢵⢵⢅⠅⠁⢝⢽⢷⢝⠝⠕⠁⢕⢕⢿⢕⢕⢁⢵⢵⠅
                                    ⢁⢀⠝⠟⠟⢥⢵⣴⠝⠝⠝⢕⢕⢅⢕⢕⢽⢕⢕⠅⠕⢕⠝⢵⢵⢄⢕⢝⠟⠕⠁⢄⢿⣝⢕⠅⢙⢕⢿⢕⠕⢄
                                    ⢿⣿⢇ ⠁⢽⢿⢿⢅⢄⢅⠝⢗⢅⢵⢵⠟⠅⢅⢵⢟⢕⠅⠑⠕⢽⢗⢕⠁⢁⢕⢷⠝⠕⢕⢥⢕⢅⢝⢅⢕⢵
                                    ⠝⠍⠑⢽⢿⣷⠅ ⠙⢵⢵⢅⢕⢕⢽⠕⠕⢄⢵⢽⠟⢕⢵⣵⢕⠅⠁⠑⢽⣵⢝⠕⠕⢅⠕⠕⢝⢕⢕⢅⢕⢵
                                    ⢕⢄⢅⢝⠙⠙⢕⢴⢅⠅⠝⢽⢿⢕⠅⠁⢕⢽⢿⠕⠁⢀⠝⠟⠛⢵⢥⣤⠝⠝⢝⢕⢕⢕⢕⢕⢕⢕⢕⢅⠕⠕
                                    ⠙⢽⢿⢕⢅⢄⠕⢽⢟⢵⢅⢅⠙⢅⢕⣵⢽⠕⠑⢅⢽⣿⢗⠄⠁⢕⢿⢿⠗⢄⢅⢵⢕⢅⢕⢵⢿⢅⢕⢕⢝⢕
                                    ⢕⠅⠁⢑⢽⣿⢗⠅⠁⠝⢵⢕⢅⢵⢽⢝⠑⠁⢕⢵⠝⠉⢕⢽⢿⢕⠅ ⢕⢵⢵⢽⢕⢕⠕⠕⠕⢵⢵⢵⢝⢕
